// Jest Snapshot v1, https://goo.gl/fbAQLP

exports[`Dynamic import 1`] = `
<div>
  Waiting for Dynamic Import
</div>
`;
