// Jest Snapshot v1, https://goo.gl/fbAQLP

exports[`Default 1`] = `
Array [
  <input
    onChange={[Function]}
    value="abc"
  />,
  <p>
    Change the input value then this text in the component file.
  </p>,
  <p>
    The state of the input should be kept.
  </p>,
]
`;
