// Jest Snapshot v1, https://goo.gl/fbAQLP

exports[`Logging 1`] = `
<div>
  Lifecycle methods are logged to the console
</div>
`;
